// Jest Snapshot v1, https://goo.gl/fbAQLP

exports[`exec with error 1`] = `
Object {
  "error": "SyntaxError: Unexpected token '}'",
}
`;
